========================================================================
lsq_from_data  |  test4_noise_0.3/input.json
  run at 2026-08-17 15:31:22
  m=5  G=0.25  true s2=0.19  s4=0.23
  nu4=1.000e-05  nu4_h=1.000e-04
  snapshots: /home/zshang/dedalus3/HD_SW_alpha_spherical/only_h_small_G=0.25/vary_s2s4_G=0.25_nu4-h=1e-4/PINN_1923/s2=0.19_s4=0.23/snapshots
  window: t=[10.0, inf]   edge_trim=8
  [--noise 0.3] Gaussian noise added to real-space (phi,mu) fields
      before the m-FFT, at 0.3x each field's RMS, seed=0.
      AXIS 3 degradation test — broadband phi noise, FFT-then-SVD/cheb denoise.
  [--limb-weight best] centre-to-limb sensitivity at B0=0, floor=0.1
      h (vertical, w=dh/dt): noise x 1/cos(lat), growing poleward, capped at 10.0x
      u_theta,u_phi (horizontal): uniform — full sensitivity reachable at every latitude via the limb
  [--mask-poles 60] keeping |lat|<60 deg (|mu|<0.866); poleward data discarded.
      AXIS 3 degradation test — models HMI's missing polar coverage.
  [WARNING] t_win_max not set — if this run has a growth onset, the
            blow-up region will corrupt the fit. Set it from postrun_analyze.
========================================================================
  loaded N_t=380, N_mu=128, t in [10.5, 200.0]

  [--mask-poles 60] retained mu-columns: 86/111 = 77% of the fitted columns   (sphere area kept = 87%)
      quote the COLUMN figure for 'how much data the fit lost'.

  SVD spectrum u_theta: 1.0e+00 6.5e-03 6.4e-03 6.3e-03 6.3e-03

  setting                    s2    err%          s4    err%    cond     resid
  cheb=20  svd=0       +0.20127   5.93%    +0.19294  16.11%    7.17 9.098e-01
  cheb=20  svd=2       +0.19210   1.11%    +0.22633   1.60%    7.23 5.587e-01
  cheb=20  svd=3       +0.19241   1.27%    +0.22523   2.08%    7.23 6.782e-01
  cheb=20  svd=4       +0.19236   1.24%    +0.22544   1.98%    7.23 7.129e-01
  cheb=30  svd=0       +0.20102   5.80%    +0.19429  15.53%    7.17 9.963e-01
  cheb=30  svd=2       +0.19606   3.19%    +0.21264   7.55%    7.23 9.121e-01
  cheb=30  svd=3       +0.19473   2.49%    +0.21743   5.46%    7.23 9.654e-01
  cheb=30  svd=4       +0.19397   2.09%    +0.22019   4.26%    7.23 9.824e-01
  cheb=40  svd=0       +0.20504   7.91%    +0.18118  21.23%    7.17 9.996e-01
  cheb=40  svd=2       +0.20507   7.93%    +0.18073  21.42%    7.23 9.888e-01
  cheb=40  svd=3       +0.20512   7.96%    +0.18156  21.06%    7.23 9.960e-01
  cheb=40  svd=4       +0.20803   9.49%    +0.16970  26.22%    7.23 9.981e-01

========================================================================
  BEST: cheb_trunc=20, svd_rank=2
    s2 = 0.192102  (true 0.19,  1.11%)
    s4 = 0.226328  (true 0.23,  1.60%)
========================================================================
