========================================================================
lsq_from_data  |  test2.3_noise0.1_seed3/input.json
  run at 2026-08-17 15:35:00
  m=5  G=0.25  true s2=0.19  s4=0.23
  nu4=1.000e-05  nu4_h=1.000e-04
  snapshots: /home/zshang/dedalus3/HD_SW_alpha_spherical/only_h_small_G=0.25/vary_s2s4_G=0.25_nu4-h=1e-4/PINN_1923/s2=0.19_s4=0.23/snapshots
  window: t=[10.0, inf]   edge_trim=8
  [--noise 0.1] Gaussian noise added to real-space (phi,mu) fields
      before the m-FFT, at 0.1x each field's RMS, seed=3.
      AXIS 3 degradation test — broadband phi noise, FFT-then-SVD/cheb denoise.
  [--limb-weight best] centre-to-limb sensitivity at B0=0, floor=0.1
      h (vertical, w=dh/dt): noise x 1/cos(lat), growing poleward, capped at 10.0x
      u_theta,u_phi (horizontal): uniform — full sensitivity reachable at every latitude via the limb
  [--mask-poles 60] keeping |lat|<60 deg (|mu|<0.866); poleward data discarded.
      AXIS 3 degradation test — models HMI's missing polar coverage.
  [WARNING] t_win_max not set — if this run has a growth onset, the
            blow-up region will corrupt the fit. Set it from postrun_analyze.
========================================================================
  loaded N_t=380, N_mu=128, t in [10.5, 200.0]

  [--mask-poles 60] retained mu-columns: 86/111 = 77% of the fitted columns   (sphere area kept = 87%)
      quote the COLUMN figure for 'how much data the fit lost'.

  SVD spectrum u_theta: 1.0e+00 2.2e-03 2.2e-03 2.1e-03 2.1e-03

  setting                    s2    err%          s4    err%    cond     resid
  cheb=20  svd=0       +0.19088   0.46%    +0.22713   1.25%    7.23 5.787e-01
  cheb=20  svd=2       +0.18999   0.00%    +0.23025   0.11%    7.24 1.885e-01
  cheb=20  svd=3       +0.19000   0.00%    +0.23023   0.10%    7.24 2.250e-01
  cheb=20  svd=4       +0.19002   0.01%    +0.23014   0.06%    7.24 2.414e-01
  cheb=30  svd=0       +0.19022   0.12%    +0.22938   0.27%    7.23 9.673e-01
  cheb=30  svd=2       +0.18917   0.43%    +0.23306   1.33%    7.24 4.037e-01
  cheb=30  svd=3       +0.18909   0.48%    +0.23335   1.46%    7.24 6.021e-01
  cheb=30  svd=4       +0.18914   0.45%    +0.23318   1.38%    7.24 7.693e-01
  cheb=40  svd=0       +0.18907   0.49%    +0.23339   1.47%    7.23 9.968e-01
  cheb=40  svd=2       +0.18802   1.04%    +0.23709   3.08%    7.24 8.064e-01
  cheb=40  svd=3       +0.18901   0.52%    +0.23350   1.52%    7.24 9.559e-01
  cheb=40  svd=4       +0.18796   1.07%    +0.23722   3.14%    7.24 9.788e-01

========================================================================
  BEST: cheb_trunc=20, svd_rank=4
    s2 = 0.190025  (true 0.19,  0.01%)
    s4 = 0.230137  (true 0.23,  0.06%)
========================================================================
