========================================================================
lsq_from_data  |  s2=0.19_s4=0.23/input.json
  run at 2026-08-17 15:04:38
  m=5  G=0.25  true s2=0.19  s4=0.23
  nu4=1.000e-05  nu4_h=1.000e-04
  snapshots: /home/zshang/dedalus3/HD_SW_alpha_spherical/only_h_small_G=0.25/vary_s2s4_G=0.25_nu4-h=1e-4/PINN_1923/s2=0.19_s4=0.23/snapshots
  window: t=[10.0, inf]   edge_trim=8
  [--noise 0.1] Gaussian noise added to real-space (phi,mu) fields
      before the m-FFT, at 0.1x each field's RMS, seed=0.
      AXIS 3 degradation test — broadband phi noise, FFT-then-SVD/cheb denoise.
  [--limb-weight best] centre-to-limb sensitivity at B0=0, floor=0.1
      h (vertical, w=dh/dt): noise x 1/cos(lat), growing poleward, capped at 10.0x
      u_theta,u_phi (horizontal): uniform — full sensitivity reachable at every latitude via the limb
  [WARNING] t_win_max not set — if this run has a growth onset, the
            blow-up region will corrupt the fit. Set it from postrun_analyze.
========================================================================
  loaded N_t=380, N_mu=128, t in [10.5, 200.0]

  SVD spectrum u_theta: 1.0e+00 2.2e-03 2.1e-03 2.1e-03 2.1e-03

  setting                    s2    err%          s4    err%    cond     resid
  cheb=20  svd=0       +0.19139   0.73%    +0.22591   1.78%    7.07 9.992e-01
  cheb=20  svd=2       +0.20766   9.29%    +0.17314  24.72%    7.18 9.920e-01
  cheb=20  svd=3       +0.21001  10.53%    +0.16540  28.09%    7.18 9.964e-01
  cheb=20  svd=4       +0.20627   8.56%    +0.17762  22.77%    7.18 9.970e-01
  cheb=30  svd=0       +0.09218  51.48%    +0.55133 139.71%    7.07 1.000e+00
  cheb=30  svd=2       +0.28024  47.49%    -0.06398 127.82%    7.18 9.998e-01
  cheb=30  svd=3       +0.29782  56.75%    -0.12240 153.22%    7.18 9.999e-01
  cheb=30  svd=4       +0.25080  32.00%    +0.03206  86.06%    7.18 9.999e-01
  cheb=40  svd=0       -0.02732 114.38%    +0.94946 312.81%    7.07 1.000e+00
  cheb=40  svd=2       +0.00229  98.79%    +0.84817 268.77%    7.18 9.999e-01
  cheb=40  svd=3       -0.15173 179.86%    +1.35637 489.73%    7.18 1.000e+00
  cheb=40  svd=4       +0.04321  77.26%    +0.71638 211.47%    7.18 1.000e+00

========================================================================
  BEST: cheb_trunc=20, svd_rank=0
    s2 = 0.191385  (true 0.19,  0.73%)
    s4 = 0.225909  (true 0.23,  1.78%)
========================================================================
