========================================================================
lsq_from_data  |  test2.2_noise0.1_seed2/input.json
  run at 2026-08-17 15:34:31
  m=5  G=0.25  true s2=0.19  s4=0.23
  nu4=1.000e-05  nu4_h=1.000e-04
  snapshots: /home/zshang/dedalus3/HD_SW_alpha_spherical/only_h_small_G=0.25/vary_s2s4_G=0.25_nu4-h=1e-4/PINN_1923/s2=0.19_s4=0.23/snapshots
  window: t=[10.0, inf]   edge_trim=8
  [--noise 0.1] Gaussian noise added to real-space (phi,mu) fields
      before the m-FFT, at 0.1x each field's RMS, seed=2.
      AXIS 3 degradation test — broadband phi noise, FFT-then-SVD/cheb denoise.
  [--limb-weight best] centre-to-limb sensitivity at B0=0, floor=0.1
      h (vertical, w=dh/dt): noise x 1/cos(lat), growing poleward, capped at 10.0x
      u_theta,u_phi (horizontal): uniform — full sensitivity reachable at every latitude via the limb
  [--mask-poles 60] keeping |lat|<60 deg (|mu|<0.866); poleward data discarded.
      AXIS 3 degradation test — models HMI's missing polar coverage.
  [WARNING] t_win_max not set — if this run has a growth onset, the
            blow-up region will corrupt the fit. Set it from postrun_analyze.
========================================================================
  loaded N_t=380, N_mu=128, t in [10.5, 200.0]

  [--mask-poles 60] retained mu-columns: 86/111 = 77% of the fitted columns   (sphere area kept = 87%)
      quote the COLUMN figure for 'how much data the fit lost'.

  SVD spectrum u_theta: 1.0e+00 2.2e-03 2.2e-03 2.1e-03 2.1e-03

  setting                    s2    err%          s4    err%    cond     resid
  cheb=20  svd=0       +0.19022   0.12%    +0.22951   0.21%    7.23 5.856e-01
  cheb=20  svd=2       +0.18944   0.29%    +0.23240   1.04%    7.24 1.679e-01
  cheb=20  svd=3       +0.18951   0.26%    +0.23218   0.95%    7.24 2.503e-01
  cheb=20  svd=4       +0.18944   0.30%    +0.23243   1.06%    7.24 3.193e-01
  cheb=30  svd=0       +0.18977   0.12%    +0.23104   0.45%    7.23 9.676e-01
  cheb=30  svd=2       +0.18852   0.78%    +0.23565   2.45%    7.24 7.724e-01
  cheb=30  svd=3       +0.18874   0.66%    +0.23482   2.09%    7.24 8.100e-01
  cheb=30  svd=4       +0.18852   0.78%    +0.23563   2.45%    7.24 8.445e-01
  cheb=40  svd=0       +0.18833   0.88%    +0.23618   2.69%    7.23 9.966e-01
  cheb=40  svd=2       +0.18884   0.61%    +0.23471   2.05%    7.24 9.637e-01
  cheb=40  svd=3       +0.18900   0.52%    +0.23410   1.78%    7.24 9.693e-01
  cheb=40  svd=4       +0.18910   0.47%    +0.23378   1.64%    7.24 9.765e-01

========================================================================
  BEST: cheb_trunc=20, svd_rank=0
    s2 = 0.190222  (true 0.19,  0.12%)
    s4 = 0.229515  (true 0.23,  0.21%)
========================================================================
