========================================================================
lsq_from_data  |  test2.1_noise0.1_seed1/input.json
  run at 2026-08-17 15:33:59
  m=5  G=0.25  true s2=0.19  s4=0.23
  nu4=1.000e-05  nu4_h=1.000e-04
  snapshots: /home/zshang/dedalus3/HD_SW_alpha_spherical/only_h_small_G=0.25/vary_s2s4_G=0.25_nu4-h=1e-4/PINN_1923/s2=0.19_s4=0.23/snapshots
  window: t=[10.0, inf]   edge_trim=8
  [--noise 0.1] Gaussian noise added to real-space (phi,mu) fields
      before the m-FFT, at 0.1x each field's RMS, seed=1.
      AXIS 3 degradation test — broadband phi noise, FFT-then-SVD/cheb denoise.
  [--limb-weight best] centre-to-limb sensitivity at B0=0, floor=0.1
      h (vertical, w=dh/dt): noise x 1/cos(lat), growing poleward, capped at 10.0x
      u_theta,u_phi (horizontal): uniform — full sensitivity reachable at every latitude via the limb
  [--mask-poles 60] keeping |lat|<60 deg (|mu|<0.866); poleward data discarded.
      AXIS 3 degradation test — models HMI's missing polar coverage.
  [WARNING] t_win_max not set — if this run has a growth onset, the
            blow-up region will corrupt the fit. Set it from postrun_analyze.
========================================================================
  loaded N_t=380, N_mu=128, t in [10.5, 200.0]

  [--mask-poles 60] retained mu-columns: 86/111 = 77% of the fitted columns   (sphere area kept = 87%)
      quote the COLUMN figure for 'how much data the fit lost'.

  SVD spectrum u_theta: 1.0e+00 2.2e-03 2.2e-03 2.1e-03 2.1e-03

  setting                    s2    err%          s4    err%    cond     resid
  cheb=20  svd=0       +0.19212   1.11%    +0.22215   3.41%    7.23 5.785e-01
  cheb=20  svd=2       +0.19105   0.55%    +0.22602   1.73%    7.24 8.912e-02
  cheb=20  svd=3       +0.19107   0.56%    +0.22595   1.76%    7.24 1.810e-01
  cheb=20  svd=4       +0.19109   0.57%    +0.22587   1.79%    7.24 2.127e-01
  cheb=30  svd=0       +0.19179   0.94%    +0.22335   2.89%    7.23 9.663e-01
  cheb=30  svd=2       +0.19030   0.16%    +0.22870   0.56%    7.24 4.307e-01
  cheb=30  svd=3       +0.19036   0.19%    +0.22850   0.65%    7.24 6.012e-01
  cheb=30  svd=4       +0.19078   0.41%    +0.22699   1.31%    7.24 7.146e-01
  cheb=40  svd=0       +0.18378   3.27%    +0.25170   9.43%    7.23 9.966e-01
  cheb=40  svd=2       +0.18554   2.35%    +0.24561   6.79%    7.24 8.104e-01
  cheb=40  svd=3       +0.18615   2.03%    +0.24337   5.81%    7.24 9.620e-01
  cheb=40  svd=4       +0.18697   1.60%    +0.24047   4.55%    7.24 9.769e-01

========================================================================
  BEST: cheb_trunc=30, svd_rank=2
    s2 = 0.190301  (true 0.19,  0.16%)
    s4 = 0.228702  (true 0.23,  0.56%)
========================================================================
