========================================================================
lsq_from_data  |  s2=0.19_s4=0.23/input.json
  run at 2026-08-18 10:48:42
  m=5  G=0.25  true s2=0.19  s4=0.23
  nu4=1.000e-05  nu4_h=1.000e-04
  snapshots: s2=0.19_s4=0.23/snapshots/
  window: t=[10.0, inf]   edge_trim=8
  [--noise 1] Gaussian noise added to real-space (phi,mu) fields
      before the m-FFT, at 1x each field's RMS, seed=0.
      AXIS 3 degradation test — broadband phi noise, FFT-then-SVD/cheb denoise.
  [--limb-weight best] centre-to-limb sensitivity at B0=0, floor=0.1
      h (vertical, w=dh/dt): noise x 1/cos(lat), growing poleward, capped at 10.0x
      u_theta,u_phi (horizontal): uniform — full sensitivity reachable at every latitude via the limb
  [--mask-poles 60] keeping |lat|<60 deg (|mu|<0.866); poleward data discarded.
      AXIS 3 degradation test — models HMI's missing polar coverage.
  [WARNING] t_win_max not set — if this run has a growth onset, the
            blow-up region will corrupt the fit. Set it from postrun_analyze.
========================================================================
  loaded N_t=380, N_mu=128, t in [10.5, 200.0]

  [--mask-poles 60] retained mu-columns: 86/111 = 77% of the fitted columns   (sphere area kept = 87%)
      quote the COLUMN figure for 'how much data the fit lost'.

  SVD spectrum u_theta: 1.0e+00 2.2e-02 2.1e-02 2.1e-02 2.1e-02

  setting                    s2    err%          s4    err%    cond     resid   eq-disag
  cheb=20  svd=0       +0.26736  40.71%    -0.04202 118.27%    6.73 9.912e-01  4.734e-01
  cheb=20  svd=2       +0.19424   2.23%    +0.22609   1.70%    7.22 9.119e-01  5.306e-02
  cheb=20  svd=3       +0.19731   3.85%    +0.21496   6.54%    7.22 9.504e-01  3.053e-02
  cheb=20  svd=4       +0.19680   3.58%    +0.21693   5.68%    7.21 9.585e-01  5.155e-02
  cheb=30  svd=0       +0.25375  33.56%    +0.00909  96.05%    6.73 9.997e-01  2.045e+00
  cheb=30  svd=2       +0.20238   6.52%    +0.19858  13.66%    7.22 9.909e-01  8.835e-02
  cheb=30  svd=3       +0.18575   2.24%    +0.25810  12.22%    7.22 9.966e-01  2.541e-01
  cheb=30  svd=4       +0.17651   7.10%    +0.29175  26.85%    7.21 9.983e-01  4.220e-01
  cheb=40  svd=0       +0.25908  36.36%    +0.00044  99.81%    6.73 1.000e+00  1.562e+02
  cheb=40  svd=2       +0.25227  32.77%    +0.01887  91.79%    7.22 9.990e-01  1.042e+01
  cheb=40  svd=3       +0.25134  32.28%    +0.03307  85.62%    7.22 9.997e-01  5.479e+00
  cheb=40  svd=4       +0.28170  48.26%    -0.09151 139.79%    7.21 9.998e-01  3.549e+00

========================================================================
  TRUTH-FREE PICK (eq-consistency): cheb_trunc=20, svd_rank=3
    s2 = 0.197310  (true 0.19,  3.85%)
    s4 = 0.214955  (true 0.23,  6.54%)
    eq-disagreement = 3.053e-02   (no true value was used to choose this)
------------------------------------------------------------------------
  truth-INFORMED BEST (VALIDATION ONLY — needs the answer, so it does
  NOT exist on solar data; also a minimum over 12 noisy estimates,
  which flatters itself more as noise rises): cheb=20, svd=2
    s2 = 0.194243  (2.23%)   s4 = 0.226095  (1.70%)
  VERDICT: different setting; truth-free costs +1.61pp on s2, +4.84pp on s4.
  Small cost => the rule is usable on solar data. Large cost => it is not.
========================================================================
