========================================================================
lsq_from_data  |  s2=0.19_s4=0.23/input.json
  run at 2026-08-18 10:47:57
  m=5  G=0.25  true s2=0.19  s4=0.23
  nu4=1.000e-05  nu4_h=1.000e-04
  snapshots: s2=0.19_s4=0.23/snapshots/
  window: t=[10.0, inf]   edge_trim=8
  [--noise 0.03] Gaussian noise added to real-space (phi,mu) fields
      before the m-FFT, at 0.03x each field's RMS, seed=0.
      AXIS 3 degradation test — broadband phi noise, FFT-then-SVD/cheb denoise.
  [--limb-weight best] centre-to-limb sensitivity at B0=0, floor=0.1
      h (vertical, w=dh/dt): noise x 1/cos(lat), growing poleward, capped at 10.0x
      u_theta,u_phi (horizontal): uniform — full sensitivity reachable at every latitude via the limb
  [--mask-poles 60] keeping |lat|<60 deg (|mu|<0.866); poleward data discarded.
      AXIS 3 degradation test — models HMI's missing polar coverage.
  [WARNING] t_win_max not set — if this run has a growth onset, the
            blow-up region will corrupt the fit. Set it from postrun_analyze.
========================================================================
  loaded N_t=380, N_mu=128, t in [10.5, 200.0]

  [--mask-poles 60] retained mu-columns: 86/111 = 77% of the fitted columns   (sphere area kept = 87%)
      quote the COLUMN figure for 'how much data the fit lost'.

  SVD spectrum u_theta: 1.0e+00 6.5e-04 6.4e-04 6.3e-04 6.3e-04

  setting                    s2    err%          s4    err%    cond     resid   eq-disag
  cheb=20  svd=0       +0.19051   0.27%    +0.22897   0.45%    7.24 2.156e-01  4.943e-03
  cheb=20  svd=2       +0.19035   0.19%    +0.22952   0.21%    7.24 7.384e-02  5.793e-03
  cheb=20  svd=3       +0.19036   0.19%    +0.22949   0.22%    7.24 9.688e-02  5.671e-03
  cheb=20  svd=4       +0.19036   0.19%    +0.22950   0.22%    7.24 1.057e-01  5.728e-03
  cheb=30  svd=0       +0.19075   0.40%    +0.22813   0.81%    7.24 7.556e-01  4.943e-03
  cheb=30  svd=2       +0.19087   0.46%    +0.22771   1.00%    7.24 2.170e-01  9.793e-03
  cheb=30  svd=3       +0.19088   0.46%    +0.22768   1.01%    7.24 3.474e-01  9.962e-03
  cheb=30  svd=4       +0.19088   0.47%    +0.22766   1.02%    7.24 4.660e-01  1.006e-02
  cheb=40  svd=0       +0.19126   0.66%    +0.22636   1.58%    7.24 9.662e-01  1.623e-02
  cheb=40  svd=2       +0.19154   0.81%    +0.22537   2.01%    7.24 5.485e-01  2.407e-02
  cheb=40  svd=3       +0.19156   0.82%    +0.22533   2.03%    7.24 7.419e-01  2.422e-02
  cheb=40  svd=4       +0.19160   0.84%    +0.22515   2.11%    7.24 8.478e-01  2.530e-02

========================================================================
  TRUTH-FREE PICK (eq-consistency): cheb_trunc=30, svd_rank=0
    s2 = 0.190754  (true 0.19,  0.40%)
    s4 = 0.228130  (true 0.23,  0.81%)
    eq-disagreement = 4.943e-03   (no true value was used to choose this)
------------------------------------------------------------------------
  truth-INFORMED BEST (VALIDATION ONLY — needs the answer, so it does
  NOT exist on solar data; also a minimum over 12 noisy estimates,
  which flatters itself more as noise rises): cheb=20, svd=2
    s2 = 0.190355  (0.19%)   s4 = 0.229516  (0.21%)
  VERDICT: different setting; truth-free costs +0.21pp on s2, +0.60pp on s4.
  Small cost => the rule is usable on solar data. Large cost => it is not.
========================================================================
